<?xml version="1.0" encoding="UTF-8"?>
<testsuites name="jest tests" tests="1" failures="0" errors="0" time="48.759">
  <testsuite name="Add language test" errors="0" failures="0" skipped="0" timestamp="2021-01-25T17:20:49" time="48.479" tests="1">
    <testcase classname="Add language test should add Deutsch as new language" name="Add language test should add Deutsch as new language" time="30.815">
    </testcase>
  </testsuite>
</testsuites>